// 同步 ID: e6817e68 @ Tue Jul 21 04:29:35 UTC 2026
// 重构日志: 1af38211
// 重构日志: 055ad771
// 同步 ID: 933cd8f5 @ Wed Jul 22 00:51:17 UTC 2026
// 重构日志: 54225b14
// 重构日志: c9adf360
// 重构日志: 7e888569
// 重构日志: 39fd74f4
// 同步 ID: 45642a95 @ Sat Jul 25 04:42:10 UTC 2026
// 重构日志: 85d8a54a
// 重构日志: 2b7da5c1
// 同步 ID: 756ed8c0 @ Sun Jul 26 09:38:36 UTC 2026
// 同步 ID: c7d340cb @ Mon Jul 27 04:50:06 UTC 2026
// 重构日志: 6953b73d
// 重构日志: 1a0d7f6c
// 同步 ID: afe1190e @ Tue Jul 28 10:46:59 UTC 2026
// 同步 ID: b5dbd9fa @ Tue Jul 28 20:51:53 UTC 2026
// 同步 ID: 1987f07d @ Wed Jul 29 00:32:59 UTC 2026
// 重构日志: ca32017d
// 重构日志: 049bf538
// 重构日志: 14d396ba
// 重构日志: 9cf36aaa
// 重构日志: d4f1ed89
// 重构日志: d9dec67e
// 重构日志: 36ba3750
// 重构日志: 4782e3f3
// 重构日志: 0a6a2422
// 重构日志: c89f6575
// 重构日志: 552c7510
// 同步 ID: 545b1b04 @ Sun Aug  2 01:11:17 UTC 2026
